Execute       source -notrace -encoding utf-8 /home/bcheng/workspace/tools/Xilinx/2025.1.1/Vitis/tps/tcl/tcl8.6/clock.tcl 
Execute         source -encoding utf-8 /home/bcheng/workspace/tools/Xilinx/2025.1.1/tps/tcl/tcl8/8.5/msgcat-1.6.1.tm 
INFO-FLOW: Workspace /home/bcheng/workspace/dev/vitis/fir/hls opened at Mon Dec 08 15:28:50 EST 2025
Execute       send_msg_by_id INFO @200-1505@%s%s default  vivado 
INFO: [HLS 200-1505] Using default flow_target 'vivado'
Execute       send_msg_by_id INFO @200-2174@%s%s component /home/bcheng/workspace/dev/vitis/fir/fir/hls_config.cfg 
INFO: [HLS 200-2174] Applying component config ini file /home/bcheng/workspace/dev/vitis/fir/fir/hls_config.cfg
Execute       apply_ini /home/bcheng/workspace/dev/vitis/fir/fir/hls_config.cfg 
Execute         send_msg_by_id INFO @200-1465@%s 'syn.file=./fir.cpp' from /home/bcheng/workspace/dev/vitis/fir/fir/hls_config.cfg(3) 
INFO: [HLS 200-1465] Applying config ini 'syn.file=./fir.cpp' from /home/bcheng/workspace/dev/vitis/fir/fir/hls_config.cfg(3)
Execute         add_files /home/bcheng/workspace/dev/vitis/fir/fir/fir.cpp 
INFO: [HLS 200-10] Adding design file '/home/bcheng/workspace/dev/vitis/fir/fir/fir.cpp' to the project
Execute         send_msg_by_id INFO @200-1465@%s 'syn.file=./fir.h' from /home/bcheng/workspace/dev/vitis/fir/fir/hls_config.cfg(4) 
INFO: [HLS 200-1465] Applying config ini 'syn.file=./fir.h' from /home/bcheng/workspace/dev/vitis/fir/fir/hls_config.cfg(4)
Execute         add_files /home/bcheng/workspace/dev/vitis/fir/fir/fir.h 
INFO: [HLS 200-10] Adding design file '/home/bcheng/workspace/dev/vitis/fir/fir/fir.h' to the project
Execute         send_msg_by_id INFO @200-1465@%s 'tb.file=./fir_test.cpp' from /home/bcheng/workspace/dev/vitis/fir/fir/hls_config.cfg(5) 
INFO: [HLS 200-1465] Applying config ini 'tb.file=./fir_test.cpp' from /home/bcheng/workspace/dev/vitis/fir/fir/hls_config.cfg(5)
Execute         add_files -tb /home/bcheng/workspace/dev/vitis/fir/fir/fir_test.cpp 
INFO: [HLS 200-10] Adding test bench file '/home/bcheng/workspace/dev/vitis/fir/fir/fir_test.cpp' to the project
Execute         send_msg_by_id INFO @200-1465@%s 'syn.top=fir' from /home/bcheng/workspace/dev/vitis/fir/fir/hls_config.cfg(6) 
INFO: [HLS 200-1465] Applying config ini 'syn.top=fir' from /home/bcheng/workspace/dev/vitis/fir/fir/hls_config.cfg(6)
Execute         set_top fir 
Execute         send_msg_by_id INFO @200-1465@%s 'flow_target=vivado' from /home/bcheng/workspace/dev/vitis/fir/fir/hls_config.cfg(2) 
INFO: [HLS 200-1465] Applying config ini 'flow_target=vivado' from /home/bcheng/workspace/dev/vitis/fir/fir/hls_config.cfg(2)
Execute         send_msg_by_id INFO @200-1505@%s%s  vivado 
INFO: [HLS 200-1505] Using flow_target 'vivado'
Execute       write_component -config /home/bcheng/workspace/dev/vitis/fir/fir/hls_config.cfg 
Execute         send_msg_by_id INFO @200-2176@%s /home/bcheng/workspace/dev/vitis/fir/vitis-comp.json 
INFO: [HLS 200-2176] Writing Vitis IDE component file /home/bcheng/workspace/dev/vitis/fir/vitis-comp.json
Execute   apply_ini /home/bcheng/workspace/dev/vitis/fir/hls/config.cmdline -iscmdline 
Execute   ::AP::init_summary_file csim 
Execute     AP::app_get_file_relativeroot [AP::app_get_root] {}
Execute   csim_design 
INFO-FLOW: Running SLX 'csim' proc: ::SLX::run_csim
INFO: [SIM 211-2] *************** CSIM start ***************
INFO: [SIM 211-4] CSIM will launch CLANG as the compiler.
Execute     send_msg_by_id INFO @200-2036@%s debug 
INFO: [HLS 200-2036] Building debug C Simulation binaries
Execute     source run_sim.tcl 
INFO: [SIM 211-1] CSim done with 0 errors.
INFO: [SIM 211-3] *************** CSIM finish ***************
Command   csim_design done; 3.74 sec.
Execute   close_project 
Execute     close_solution 
Execute       cleanup_all 
Execute       cleanup_all 
Execute       source -notrace -encoding utf-8 /home/bcheng/workspace/tools/Xilinx/2025.1.1/Vitis/tps/tcl/tcl8.6/clock.tcl 
Execute         source -encoding utf-8 /home/bcheng/workspace/tools/Xilinx/2025.1.1/tps/tcl/tcl8/8.5/msgcat-1.6.1.tm 
INFO-FLOW: Workspace /home/bcheng/workspace/dev/vitis/fir/hls opened at Mon Dec 08 17:14:22 EST 2025
Execute       send_msg_by_id INFO @200-1505@%s%s default  vivado 
INFO: [HLS 200-1505] Using default flow_target 'vivado'
Execute       send_msg_by_id INFO @200-2174@%s%s component /home/bcheng/workspace/dev/vitis/fir/fir/hls_config.cfg 
INFO: [HLS 200-2174] Applying component config ini file /home/bcheng/workspace/dev/vitis/fir/fir/hls_config.cfg
Execute       apply_ini /home/bcheng/workspace/dev/vitis/fir/fir/hls_config.cfg 
Execute         send_msg_by_id INFO @200-1465@%s 'syn.file=./fir.cpp' from /home/bcheng/workspace/dev/vitis/fir/fir/hls_config.cfg(3) 
INFO: [HLS 200-1465] Applying config ini 'syn.file=./fir.cpp' from /home/bcheng/workspace/dev/vitis/fir/fir/hls_config.cfg(3)
Execute         add_files /home/bcheng/workspace/dev/vitis/fir/fir/fir.cpp 
INFO: [HLS 200-10] Adding design file '/home/bcheng/workspace/dev/vitis/fir/fir/fir.cpp' to the project
Execute         send_msg_by_id INFO @200-1465@%s 'syn.file=./fir.h' from /home/bcheng/workspace/dev/vitis/fir/fir/hls_config.cfg(4) 
INFO: [HLS 200-1465] Applying config ini 'syn.file=./fir.h' from /home/bcheng/workspace/dev/vitis/fir/fir/hls_config.cfg(4)
Execute         add_files /home/bcheng/workspace/dev/vitis/fir/fir/fir.h 
INFO: [HLS 200-10] Adding design file '/home/bcheng/workspace/dev/vitis/fir/fir/fir.h' to the project
Execute         send_msg_by_id INFO @200-1465@%s 'tb.file=./fir_test.cpp' from /home/bcheng/workspace/dev/vitis/fir/fir/hls_config.cfg(5) 
INFO: [HLS 200-1465] Applying config ini 'tb.file=./fir_test.cpp' from /home/bcheng/workspace/dev/vitis/fir/fir/hls_config.cfg(5)
Execute         add_files -tb /home/bcheng/workspace/dev/vitis/fir/fir/fir_test.cpp 
INFO: [HLS 200-10] Adding test bench file '/home/bcheng/workspace/dev/vitis/fir/fir/fir_test.cpp' to the project
Execute         send_msg_by_id INFO @200-1465@%s 'syn.top=fir' from /home/bcheng/workspace/dev/vitis/fir/fir/hls_config.cfg(6) 
INFO: [HLS 200-1465] Applying config ini 'syn.top=fir' from /home/bcheng/workspace/dev/vitis/fir/fir/hls_config.cfg(6)
Execute         set_top fir 
Execute         send_msg_by_id INFO @200-1465@%s 'flow_target=vivado' from /home/bcheng/workspace/dev/vitis/fir/fir/hls_config.cfg(2) 
INFO: [HLS 200-1465] Applying config ini 'flow_target=vivado' from /home/bcheng/workspace/dev/vitis/fir/fir/hls_config.cfg(2)
Execute         send_msg_by_id INFO @200-1505@%s%s  vivado 
INFO: [HLS 200-1505] Using flow_target 'vivado'
Execute       write_component -config /home/bcheng/workspace/dev/vitis/fir/fir/hls_config.cfg 
Execute         send_msg_by_id INFO @200-2176@%s /home/bcheng/workspace/dev/vitis/fir/vitis-comp.json 
INFO: [HLS 200-2176] Writing Vitis IDE component file /home/bcheng/workspace/dev/vitis/fir/vitis-comp.json
Execute   apply_ini /home/bcheng/workspace/dev/vitis/fir/hls/config.cmdline -iscmdline 
Execute   ::AP::init_summary_file csim 
Execute     AP::app_get_file_relativeroot [AP::app_get_root] {}
Execute   csim_design 
INFO-FLOW: Running SLX 'csim' proc: ::SLX::run_csim
INFO: [SIM 211-2] *************** CSIM start ***************
INFO: [SIM 211-4] CSIM will launch CLANG as the compiler.
Execute     source csim/.lst_opt.tcl 
Execute     send_msg_by_id INFO @200-2036@%s debug 
INFO: [HLS 200-2036] Building debug C Simulation binaries
INFO-FLOW: AESL_CSIM::c_sim errorInfo:

    while executing
"::AESL_CSIM::c_sim "$argn" "
ERROR: [SIM 211-100] 'csim_design' failed: compilation error(s).
INFO: [SIM 211-3] *************** CSIM finish ***************
INFO-FLOW: AESL_CSIM::csim_cmd_wrap errorInfo:
4
    while executing
"::AESL_CSIM::csim_cmd_wrap $args"
INFO-FLOW: Caught error in csim_design: 4
    while executing
"ap_internal_csim_design "
Command   csim_design done; error code: 2; 2.03 sec.
Execute   close_project 
Execute     close_solution 
Execute       cleanup_all 
Execute       cleanup_all 
Execute       source -notrace -encoding utf-8 /home/bcheng/workspace/tools/Xilinx/2025.1.1/Vitis/tps/tcl/tcl8.6/clock.tcl 
Execute         source -encoding utf-8 /home/bcheng/workspace/tools/Xilinx/2025.1.1/tps/tcl/tcl8/8.5/msgcat-1.6.1.tm 
INFO-FLOW: Workspace /home/bcheng/workspace/dev/vitis/fir/hls opened at Mon Dec 08 17:15:29 EST 2025
Execute       send_msg_by_id INFO @200-1505@%s%s default  vivado 
INFO: [HLS 200-1505] Using default flow_target 'vivado'
Execute       send_msg_by_id INFO @200-2174@%s%s component /home/bcheng/workspace/dev/vitis/fir/fir/hls_config.cfg 
INFO: [HLS 200-2174] Applying component config ini file /home/bcheng/workspace/dev/vitis/fir/fir/hls_config.cfg
Execute       apply_ini /home/bcheng/workspace/dev/vitis/fir/fir/hls_config.cfg 
Execute         send_msg_by_id INFO @200-1465@%s 'syn.file=./fir.cpp' from /home/bcheng/workspace/dev/vitis/fir/fir/hls_config.cfg(3) 
INFO: [HLS 200-1465] Applying config ini 'syn.file=./fir.cpp' from /home/bcheng/workspace/dev/vitis/fir/fir/hls_config.cfg(3)
Execute         add_files /home/bcheng/workspace/dev/vitis/fir/fir/fir.cpp 
INFO: [HLS 200-10] Adding design file '/home/bcheng/workspace/dev/vitis/fir/fir/fir.cpp' to the project
Execute         send_msg_by_id INFO @200-1465@%s 'syn.file=./fir.h' from /home/bcheng/workspace/dev/vitis/fir/fir/hls_config.cfg(4) 
INFO: [HLS 200-1465] Applying config ini 'syn.file=./fir.h' from /home/bcheng/workspace/dev/vitis/fir/fir/hls_config.cfg(4)
Execute         add_files /home/bcheng/workspace/dev/vitis/fir/fir/fir.h 
INFO: [HLS 200-10] Adding design file '/home/bcheng/workspace/dev/vitis/fir/fir/fir.h' to the project
Execute         send_msg_by_id INFO @200-1465@%s 'tb.file=./fir_test.cpp' from /home/bcheng/workspace/dev/vitis/fir/fir/hls_config.cfg(5) 
INFO: [HLS 200-1465] Applying config ini 'tb.file=./fir_test.cpp' from /home/bcheng/workspace/dev/vitis/fir/fir/hls_config.cfg(5)
Execute         add_files -tb /home/bcheng/workspace/dev/vitis/fir/fir/fir_test.cpp 
INFO: [HLS 200-10] Adding test bench file '/home/bcheng/workspace/dev/vitis/fir/fir/fir_test.cpp' to the project
Execute         send_msg_by_id INFO @200-1465@%s 'syn.top=fir' from /home/bcheng/workspace/dev/vitis/fir/fir/hls_config.cfg(6) 
INFO: [HLS 200-1465] Applying config ini 'syn.top=fir' from /home/bcheng/workspace/dev/vitis/fir/fir/hls_config.cfg(6)
Execute         set_top fir 
Execute         send_msg_by_id INFO @200-1465@%s 'flow_target=vivado' from /home/bcheng/workspace/dev/vitis/fir/fir/hls_config.cfg(2) 
INFO: [HLS 200-1465] Applying config ini 'flow_target=vivado' from /home/bcheng/workspace/dev/vitis/fir/fir/hls_config.cfg(2)
Execute         send_msg_by_id INFO @200-1505@%s%s  vivado 
INFO: [HLS 200-1505] Using flow_target 'vivado'
Execute       write_component -config /home/bcheng/workspace/dev/vitis/fir/fir/hls_config.cfg 
Execute         send_msg_by_id INFO @200-2176@%s /home/bcheng/workspace/dev/vitis/fir/vitis-comp.json 
INFO: [HLS 200-2176] Writing Vitis IDE component file /home/bcheng/workspace/dev/vitis/fir/vitis-comp.json
Execute   apply_ini /home/bcheng/workspace/dev/vitis/fir/hls/config.cmdline -iscmdline 
Execute   ::AP::init_summary_file csim 
Execute     AP::app_get_file_relativeroot [AP::app_get_root] {}
Execute   csim_design 
INFO-FLOW: Running SLX 'csim' proc: ::SLX::run_csim
INFO: [SIM 211-2] *************** CSIM start ***************
INFO: [SIM 211-4] CSIM will launch CLANG as the compiler.
Execute     source csim/.lst_opt.tcl 
Execute     send_msg_by_id INFO @200-2036@%s debug 
INFO: [HLS 200-2036] Building debug C Simulation binaries
INFO-FLOW: AESL_CSIM::c_sim errorInfo:

    while executing
"::AESL_CSIM::c_sim "$argn" "
ERROR: [SIM 211-100] 'csim_design' failed: compilation error(s).
INFO: [SIM 211-3] *************** CSIM finish ***************
INFO-FLOW: AESL_CSIM::csim_cmd_wrap errorInfo:
4
    while executing
"::AESL_CSIM::csim_cmd_wrap $args"
INFO-FLOW: Caught error in csim_design: 4
    while executing
"ap_internal_csim_design "
Command   csim_design done; error code: 2; 2.05 sec.
Execute   close_project 
Execute     close_solution 
Execute       cleanup_all 
Execute       cleanup_all 
